2026-06-18 00:11:39,872 | [None] | mlops.factor_analysis | prepare_factor_analysis_data:304 | INFO | ----ORIGINAL DATAFRAME----
2026-06-18 00:11:39,873 | [None] | mlops.factor_analysis | prepare_factor_analysis_data:305 | INFO | Original dataframe shape: 30000 rows x 24 columns
2026-06-18 00:11:39,873 | [None] | mlops.factor_analysis | prepare_factor_analysis_data:306 | INFO | Original dataframe Number of numeric columns: 15
2026-06-18 00:11:39,873 | [None] | mlops.factor_analysis | prepare_factor_analysis_data:307 | INFO | Original dataframe Number of categorical columns: 9
2026-06-18 00:11:39,873 | [None] | mlops.factor_analysis | prepare_factor_analysis_data:308 | INFO | --------------------------------------------------
2026-06-18 00:11:39,886 | [None] | mlops.factor_analysis | check_data_quality:132 | INFO | No zero variance columns found.
2026-06-18 00:11:39,888 | [None] | mlops.factor_analysis | check_data_quality:141 | INFO | No columns with infinite values found.
2026-06-18 00:11:42,595 | [None] | mlops.factor_analysis | check_data_quality:152 | INFO | No duplicate columns found.
2026-06-18 00:11:42,596 | [None] | mlops.factor_analysis | prepare_factor_analysis_data:314 | INFO | ----DATAFRAME AFTER QUALITY CHECK----
2026-06-18 00:11:42,596 | [None] | mlops.factor_analysis | prepare_factor_analysis_data:315 | INFO | Dataframe shape after quality check: 30000 rows x 24 columns
2026-06-18 00:11:42,596 | [None] | mlops.factor_analysis | prepare_factor_analysis_data:316 | INFO | Dropped zero variance columns: 0
2026-06-18 00:11:42,596 | [None] | mlops.factor_analysis | prepare_factor_analysis_data:317 | INFO | Dropped columns with infinite values: 0
2026-06-18 00:11:42,597 | [None] | mlops.factor_analysis | prepare_factor_analysis_data:318 | INFO | Dropped duplicate columns: 0
2026-06-18 00:11:42,597 | [None] | mlops.factor_analysis | prepare_factor_analysis_data:319 | INFO | --------------------------------------------------
2026-06-18 00:11:42,597 | [None] | mlops.factor_analysis | prepare_factor_analysis_data:323 | INFO | Target variable provided: TARGET. It will be dropped from the factor analysis.
2026-06-18 00:11:42,597 | [None] | mlops.factor_analysis | prepare_factor_analysis_data:336 | INFO | Numeric Column: credit_limit | Fill Strategy: median
2026-06-18 00:11:42,597 | [None] | mlops.factor_analysis | prepare_factor_analysis_data:336 | INFO | Numeric Column: age | Fill Strategy: median
2026-06-18 00:11:42,597 | [None] | mlops.factor_analysis | prepare_factor_analysis_data:336 | INFO | Numeric Column: bill_amount_sep_2005 | Fill Strategy: median
2026-06-18 00:11:42,597 | [None] | mlops.factor_analysis | prepare_factor_analysis_data:336 | INFO | Numeric Column: bill_amount_aug_2005 | Fill Strategy: median
2026-06-18 00:11:42,597 | [None] | mlops.factor_analysis | prepare_factor_analysis_data:336 | INFO | Numeric Column: bill_amount_jul_2005 | Fill Strategy: median
2026-06-18 00:11:42,598 | [None] | mlops.factor_analysis | prepare_factor_analysis_data:336 | INFO | Numeric Column: bill_amount_jun_2005 | Fill Strategy: median
2026-06-18 00:11:42,598 | [None] | mlops.factor_analysis | prepare_factor_analysis_data:336 | INFO | Numeric Column: bill_amount_may_2005 | Fill Strategy: median
2026-06-18 00:11:42,598 | [None] | mlops.factor_analysis | prepare_factor_analysis_data:336 | INFO | Numeric Column: bill_amount_apr_2005 | Fill Strategy: median
2026-06-18 00:11:42,598 | [None] | mlops.factor_analysis | prepare_factor_analysis_data:336 | INFO | Numeric Column: payment_amount_sep_2005 | Fill Strategy: median
2026-06-18 00:11:42,598 | [None] | mlops.factor_analysis | prepare_factor_analysis_data:336 | INFO | Numeric Column: payment_amount_aug_2005 | Fill Strategy: median
2026-06-18 00:11:42,598 | [None] | mlops.factor_analysis | prepare_factor_analysis_data:336 | INFO | Numeric Column: payment_amount_jul_2005 | Fill Strategy: median
2026-06-18 00:11:42,598 | [None] | mlops.factor_analysis | prepare_factor_analysis_data:336 | INFO | Numeric Column: payment_amount_jun_2005 | Fill Strategy: median
2026-06-18 00:11:42,598 | [None] | mlops.factor_analysis | prepare_factor_analysis_data:336 | INFO | Numeric Column: payment_amount_may_2005 | Fill Strategy: median
2026-06-18 00:11:42,598 | [None] | mlops.factor_analysis | prepare_factor_analysis_data:336 | INFO | Numeric Column: payment_amount_apr_2005 | Fill Strategy: median
2026-06-18 00:11:42,615 | [None] | mlops.factor_analysis | prepare_factor_analysis_data:356 | INFO | Numeric columns imputed using median strategy.
2026-06-18 00:11:42,616 | [None] | mlops.factor_analysis | prepare_factor_analysis_data:362 | INFO | Categorical Column: gender | Imputation Strategy: frequent
2026-06-18 00:11:42,616 | [None] | mlops.factor_analysis | prepare_factor_analysis_data:362 | INFO | Categorical Column: education | Imputation Strategy: frequent
2026-06-18 00:11:42,616 | [None] | mlops.factor_analysis | prepare_factor_analysis_data:362 | INFO | Categorical Column: marital_status | Imputation Strategy: frequent
2026-06-18 00:11:42,616 | [None] | mlops.factor_analysis | prepare_factor_analysis_data:362 | INFO | Categorical Column: repayment_status_sep_2005 | Imputation Strategy: frequent
2026-06-18 00:11:42,616 | [None] | mlops.factor_analysis | prepare_factor_analysis_data:362 | INFO | Categorical Column: repayment_status_aug_2005 | Imputation Strategy: frequent
2026-06-18 00:11:42,616 | [None] | mlops.factor_analysis | prepare_factor_analysis_data:362 | INFO | Categorical Column: repayment_status_jul_2005 | Imputation Strategy: frequent
2026-06-18 00:11:42,617 | [None] | mlops.factor_analysis | prepare_factor_analysis_data:362 | INFO | Categorical Column: repayment_status_jun_2005 | Imputation Strategy: frequent
2026-06-18 00:11:42,617 | [None] | mlops.factor_analysis | prepare_factor_analysis_data:362 | INFO | Categorical Column: repayment_status_may_2005 | Imputation Strategy: frequent
2026-06-18 00:11:42,617 | [None] | mlops.factor_analysis | prepare_factor_analysis_data:362 | INFO | Categorical Column: repayment_status_apr_2005 | Imputation Strategy: frequent
2026-06-18 00:11:42,645 | [None] | mlops.factor_analysis | prepare_factor_analysis_data:370 | INFO | Categorical columns imputed using frequent strategy.
2026-06-18 00:11:42,686 | [None] | mlops.factor_analysis | prepare_factor_analysis_data:394 | INFO | Categorical variables encoded using ordinal strategy.
2026-06-18 00:11:42,713 | [None] | mlops.factor_analysis | prepare_factor_analysis_data:411 | INFO | All variables standardized using StandardScaler.
2026-06-18 00:11:42,713 | [None] | mlops.factor_analysis | prepare_factor_analysis_data:414 | INFO | ----DATAFRAME AFTER ENCODING AND SCALING----
2026-06-18 00:11:42,713 | [None] | mlops.factor_analysis | prepare_factor_analysis_data:415 | INFO | Dataframe shape after encoding and scaling: 30000 rows x 23 columns
2026-06-18 00:11:42,713 | [None] | mlops.factor_analysis | prepare_factor_analysis_data:416 | INFO | Numeric columns after encoding and scaling: 23
2026-06-18 00:11:42,714 | [None] | mlops.factor_analysis | prepare_factor_analysis_data:417 | INFO | Categorical columns after encoding and scaling: 0
2026-06-18 00:11:42,714 | [None] | mlops.factor_analysis | prepare_factor_analysis_data:418 | INFO | --------------------------------------------------
2026-06-18 00:11:42,716 | [None] | mlops.factor_analysis | prepare_factor_analysis_data:431 | INFO | Target variable 'TARGET' added back to the dataframe after preprocessing.
2026-06-18 00:11:42,717 | [None] | mlops.factor_analysis | check_target_is_binary:195 | INFO | Target variable 'TARGET' is binary with values: [1 0]
2026-06-18 00:11:42,717 | [None] | mlops.factor_analysis | check_target_is_binary:204 | INFO | No mapping applied to target variable 'TARGET' as it is already in binary format: 1 and 0.
2026-06-18 00:11:42,717 | [None] | mlops.factor_analysis | prepare_factor_analysis_data:434 | INFO | Binary Check Completed for Target Variable 'TARGET'. Is Binary: True
2026-06-18 00:11:42,718 | [None] | mlops.factor_analysis | prepare_factor_analysis_data:438 | INFO | Target distribution (%):
TARGET
0   77.880000
1   22.120000
Name: proportion, dtype: float64
2026-06-18 00:11:42,718 | [None] | mlops.factor_analysis | prepare_factor_analysis_data:440 | INFO | Target distribution values:
TARGET
0    23364
1     6636
Name: count, dtype: int64
2026-06-18 00:11:42,718 | [None] | mlops.factor_analysis | prepare_factor_analysis_data:464 | INFO | Data preparation for factor analysis completed successfully.
